<!DOCTYPE html>
<html>
<head>
  <title>Doxen</title>
  <style type="text/css">
    body {
      margin: 0;
      padding: 0;
      font-family: "Helvetica";
      height: 100%;
      width: 100%;
      overflow: hidden;
    }

    nav {
      position: absolute;
      top: 0;
      bottom: 0;
      margin: 0;
      width: 20%;
      border-right: 1px solid #666;
      padding: 0 10px;
      box-sizing: border-box;
      overflow: auto;
    }

    div {
      position: absolute;
      top: 0;
      left: 20%;
      width: 80%;
      bottom: 0;
      margin: 0;
      padding: 0 10px;
      box-sizing: border-box;
      overflow: auto;
    }

    section {
      border-bottom: 1px solid #ccc;
    }

      section:last-child {
        border-bottom: none;
      }
  </style>
</head>
<body>
  <nav><dl><dt><a href="#657d878df3">fs</a></dt>
<dd><p>Module dependencies</p></dd>
<dt><a href="#fa4b04a163">T</a></dt>
<dd><p>Global templates</p></dd>
<dt><a href="#8c8b3c828e">Doxen</a></dt>
<dd><p>Expose <code>Doxen</code><br />- Returns an html representation of dox object <code>dox</code></p></dd>
<dt><a href="#105e6d85f5">Doxen.render()</a></dt>
<dd><p>Expose the full render functionality<br />- Rendered the given <code>obj</code> to the template</p></dd>
<dt><a href="#1f11fa6edf">build()</a></dt>
<dd><p>Build docs</p></dd>
<dt><a href="#f9af7fa67a">navigation()</a></dt>
<dd><p>Build the navigation pane for a block</p></dd>
<dt><a href="#5492d808f6">block()</a></dt>
<dd><p>Build the section for given <code>chunk</code></p></dd>
<dt><a href="#8cacfc7c15">makeId()</a></dt>
<dd><p>Return a hash of <code>code</code> to use for element id</p></dd>
</dl></nav><div><section id="657d878df3">
  <h1>fs</h1>
  <h2>declaration</h2>

  

  
    <p>Module dependencies</p>
  

  <pre><code>var fs = require(&#x27;fs&#x27;),
    crypto = require(&#x27;crypto&#x27;),
    Handlebars = require(&#x27;handlebars&#x27;);</code></pre>
</section>
<section id="fa4b04a163">
  <h1>T</h1>
  <h2>declaration</h2>

  

  
    <p>Global templates</p>
  

  <pre><code>var T = {
  link: Handlebars.compile(fs.readFileSync(
                __dirname + &#x27;/templates/link.html&#x27;, &#x27;utf8&#x27;)),
  layout: Handlebars.compile(fs.readFileSync(
                __dirname + &#x27;/templates/layout.html&#x27;, &#x27;utf8&#x27;)),
  section: Handlebars.compile(fs.readFileSync(
                __dirname + &#x27;/templates/section.html&#x27;, &#x27;utf8&#x27;))
};</code></pre>
</section>
<section id="8c8b3c828e">
  <h1>Doxen</h1>
  <h2>declaration</h2>

  
    <h3>Parameters:</h3>
    <ol>
    
      <li>dox - </li>
    
    </ol>
  

  
    <p>Expose <code>Doxen</code><br />- Returns an html representation of dox object <code>dox</code></p>
  

  <pre><code>var Doxen = module.exports = function doxen(dox) {
  if(typeof dox !== &#x27;object&#x27;) {
    try {
      dox = JSON.parse(json);
    } catch(e) {
      return &#x27;Invalid json&#x27;;
    }
  }

  return build(dox);
};</code></pre>
</section>
<section id="105e6d85f5">
  <h1>Doxen.render()</h1>
  <h2>method</h2>

  
    <h3>Parameters:</h3>
    <ol>
    
      <li>dox - </li>
    
      <li>data - </li>
    
    </ol>
  

  
    <p>Expose the full render functionality<br />- Rendered the given <code>obj</code> to the template</p>
  

  <pre><code>Doxen.render = function render(dox, data) {
  data = data || {};
  data.title = data.title || &#x27;Doxen&#x27;;
  data.content = data.content || build(dox);

  return T.layout(data);
}</code></pre>
</section>
<section id="1f11fa6edf">
  <h1>build()</h1>
  <h2>function</h2>

  
    <h3>Parameters:</h3>
    <ol>
    
      <li>dox - </li>
    
    </ol>
  

  
    <p>Build docs</p>
  

  <pre><code>function build(dox) {
  var i, len,
      nav = &#x27;&lt;nav&gt;&lt;dl&gt;&#x27;,
      docs = &#x27;&lt;div&gt;&#x27;;

  for(i = 0, len = dox.length; i &lt; len; i = i + 1) {
    nav += navigation(dox[i]);
    docs += block(dox[i]);
  }

  nav += &#x27;&lt;/dl&gt;&lt;/nav&gt;&#x27;;
  docs += &#x27;&lt;/div&gt;&#x27;;

  return nav + docs;
}</code></pre>
</section>
<section id="f9af7fa67a">
  <h1>navigation()</h1>
  <h2>function</h2>

  
    <h3>Parameters:</h3>
    <ol>
    
      <li>chunk - </li>
    
    </ol>
  

  
    <p>Build the navigation pane for a block</p>
  

  <pre><code>function navigation(chunk) {
  var data = {
    id: makeId(chunk.code),
    title: chunk.ctx.string,
    description: chunk.description.summary
  };

  return T.link(data);
}</code></pre>
</section>
<section id="5492d808f6">
  <h1>block()</h1>
  <h2>function</h2>

  
    <h3>Parameters:</h3>
    <ol>
    
      <li>chunk - </li>
    
    </ol>
  

  
    <p>Build the section for given <code>chunk</code></p>
  

  <pre><code>function block(chunk) {
  var data = {
    code: chunk.code,
    title: chunk.ctx.string,
    id: makeId(chunk.code),
    type: chunk.ctx.type,
    description: chunk.description.full,
    params: chunk.tags.filter(function(tag) {
      return tag.type === &#x27;param&#x27;;
    }).map(function(tag) {
      return {
        types: tag.types.join(&#x27;, &#x27;),
        name: tag.name,
        description: tag.description
      };
    })
  };
  
  return T.section(data);
}</code></pre>
</section>
<section id="8cacfc7c15">
  <h1>makeId()</h1>
  <h2>function</h2>

  
    <h3>Parameters:</h3>
    <ol>
    
      <li>code - </li>
    
    </ol>
  

  
    <p>Return a hash of <code>code</code> to use for element id</p>
  

  <pre><code>function makeId(code) {
  return crypto.createHash(&#x27;md5&#x27;).update(code).digest(&#x27;hex&#x27;).slice(0, 10);
}</code></pre>
</section>
</div>
</body>
</html>
